13:59:37 **** Incremental Build of configuration Debug for project servo ****
make -j16 all 
arm-none-eabi-gcc "../Core/Src/main.c" -mcpu=cortex-m3 -std=gnu11 -g3 -DDEBUG -DUSE_HAL_DRIVER -DSTM32F103xB -c -I../Core/Inc -I../Drivers/STM32F1xx_HAL_Driver/Inc/Legacy -I../Drivers/STM32F1xx_HAL_Driver/Inc -I../Drivers/CMSIS/Device/ST/STM32F1xx/Include -I../Drivers/CMSIS/Include -O0 -ffunction-sections -fdata-sections -Wall -fstack-usage -fcyclomatic-complexity -MMD -MP -MF"Core/Src/main.d" -MT"Core/Src/main.o" --specs=nano.specs -mfloat-abi=soft -mthumb -o "Core/Src/main.o"
arm-none-eabi-gcc -o "servo.elf" @"objects.list"   -mcpu=cortex-m3 -T"C:\STM32_labs\lab\05_tim\example\servo\STM32F103C8TX_FLASH.ld" --specs=nosys.specs -Wl,-Map="servo.map" -Wl,--gc-sections -static --specs=nano.specs -mfloat-abi=soft -mthumb -Wl,--start-group -lc -lm -Wl,--end-group
Finished building target: servo.elf
 
arm-none-eabi-size   servo.elf 
arm-none-eabi-objdump -h -S  servo.elf  > "servo.list"
   text	   data	    bss	    dec	    hex	filename
   9408	     20	   1644	  11072	   2b40	servo.elf
Finished building: default.size.stdout
 
Finished building: servo.list
 
13:59:47 **** Incremental Build of configuration Debug for project servo ****
make -j16 all 
arm-none-eabi-size   servo.elf 
   text	   data	    bss	    dec	    hex	filename
   9408	     20	   1644	  11072	   2b40	servo.elf
Finished building: default.size.stdout
 
14:02:18 **** Incremental Build of configuration Debug for project servo ****
make -j16 all 
arm-none-eabi-size   servo.elf 
   text	   data	    bss	    dec	    hex	filename
   9408	     20	   1644	  11072	   2b40	servo.elf
Finished building: default.size.stdout
 
14:08:32 **** Incremental Build of configuration Debug for project servo ****
make -j16 all 
arm-none-eabi-gcc "../Core/Src/main.c" -mcpu=cortex-m3 -std=gnu11 -g3 -DDEBUG -DUSE_HAL_DRIVER -DSTM32F103xB -c -I../Core/Inc -I../Drivers/STM32F1xx_HAL_Driver/Inc/Legacy -I../Drivers/STM32F1xx_HAL_Driver/Inc -I../Drivers/CMSIS/Device/ST/STM32F1xx/Include -I../Drivers/CMSIS/Include -O0 -ffunction-sections -fdata-sections -Wall -fstack-usage -fcyclomatic-complexity -MMD -MP -MF"Core/Src/main.d" -MT"Core/Src/main.o" --specs=nano.specs -mfloat-abi=soft -mthumb -o "Core/Src/main.o"
arm-none-eabi-gcc -o "servo.elf" @"objects.list"   -mcpu=cortex-m3 -T"C:\STM32_labs\lab\05_tim\example\servo\STM32F103C8TX_FLASH.ld" --specs=nosys.specs -Wl,-Map="servo.map" -Wl,--gc-sections -static --specs=nano.specs -mfloat-abi=soft -mthumb -Wl,--start-group -lc -lm -Wl,--end-group
Finished building target: servo.elf
 
arm-none-eabi-size   servo.elf 
arm-none-eabi-objdump -h -S  servo.elf  > "servo.list"
   text	   data	    bss	    dec	    hex	filename
   7892	     20	   1644	   9556	   2554	servo.elf
Finished building: default.size.stdout
 
Finished building: servo.list
 
